Archive member included to satisfy reference by file (symbol)

c:/st/stm32cubeide_1.9.0/stm32cubeide/plugins/com.st.stm32cube.ide.mcu.externaltools.gnu-tools-for-stm32.10.3-2021.10.win32_1.0.0.202111181127/tools/bin/../lib/gcc/arm-none-eabi/10.3.1/../../../../arm-none-eabi/lib/thumb/v7-m/nofp\libc_nano.a(lib_a-errno.o)
                              ./Core/Src/syscalls.o (__errno)
c:/st/stm32cubeide_1.9.0/stm32cubeide/plugins/com.st.stm32cube.ide.mcu.externaltools.gnu-tools-for-stm32.10.3-2021.10.win32_1.0.0.202111181127/tools/bin/../lib/gcc/arm-none-eabi/10.3.1/../../../../arm-none-eabi/lib/thumb/v7-m/nofp\libc_nano.a(lib_a-exit.o)
                              c:/st/stm32cubeide_1.9.0/stm32cubeide/plugins/com.st.stm32cube.ide.mcu.externaltools.gnu-tools-for-stm32.10.3-2021.10.win32_1.0.0.202111181127/tools/bin/../lib/gcc/arm-none-eabi/10.3.1/../../../../arm-none-eabi/lib/thumb/v7-m/nofp/crt0.o (exit)
c:/st/stm32cubeide_1.9.0/stm32cubeide/plugins/com.st.stm32cube.ide.mcu.externaltools.gnu-tools-for-stm32.10.3-2021.10.win32_1.0.0.202111181127/tools/bin/../lib/gcc/arm-none-eabi/10.3.1/../../../../arm-none-eabi/lib/thumb/v7-m/nofp\libc_nano.a(lib_a-impure.o)
                              c:/st/stm32cubeide_1.9.0/stm32cubeide/plugins/com.st.stm32cube.ide.mcu.externaltools.gnu-tools-for-stm32.10.3-2021.10.win32_1.0.0.202111181127/tools/bin/../lib/gcc/arm-none-eabi/10.3.1/../../../../arm-none-eabi/lib/thumb/v7-m/nofp\libc_nano.a(lib_a-exit.o) (_global_impure_ptr)
c:/st/stm32cubeide_1.9.0/stm32cubeide/plugins/com.st.stm32cube.ide.mcu.externaltools.gnu-tools-for-stm32.10.3-2021.10.win32_1.0.0.202111181127/tools/bin/../lib/gcc/arm-none-eabi/10.3.1/../../../../arm-none-eabi/lib/thumb/v7-m/nofp\libc_nano.a(lib_a-init.o)
                              c:/st/stm32cubeide_1.9.0/stm32cubeide/plugins/com.st.stm32cube.ide.mcu.externaltools.gnu-tools-for-stm32.10.3-2021.10.win32_1.0.0.202111181127/tools/bin/../lib/gcc/arm-none-eabi/10.3.1/../../../../arm-none-eabi/lib/thumb/v7-m/nofp/crt0.o (__libc_init_array)
c:/st/stm32cubeide_1.9.0/stm32cubeide/plugins/com.st.stm32cube.ide.mcu.externaltools.gnu-tools-for-stm32.10.3-2021.10.win32_1.0.0.202111181127/tools/bin/../lib/gcc/arm-none-eabi/10.3.1/../../../../arm-none-eabi/lib/thumb/v7-m/nofp\libc_nano.a(lib_a-memset.o)
                              c:/st/stm32cubeide_1.9.0/stm32cubeide/plugins/com.st.stm32cube.ide.mcu.externaltools.gnu-tools-for-stm32.10.3-2021.10.win32_1.0.0.202111181127/tools/bin/../lib/gcc/arm-none-eabi/10.3.1/../../../../arm-none-eabi/lib/thumb/v7-m/nofp/crt0.o (memset)
c:/st/stm32cubeide_1.9.0/stm32cubeide/plugins/com.st.stm32cube.ide.mcu.externaltools.gnu-tools-for-stm32.10.3-2021.10.win32_1.0.0.202111181127/tools/bin/../lib/gcc/arm-none-eabi/10.3.1/../../../../arm-none-eabi/lib/thumb/v7-m/nofp\libm.a(lib_a-sf_floor.o)
                              ./Core/ARGB.o (floorf)
c:/st/stm32cubeide_1.9.0/stm32cubeide/plugins/com.st.stm32cube.ide.mcu.externaltools.gnu-tools-for-stm32.10.3-2021.10.win32_1.0.0.202111181127/tools/bin/../lib/gcc/arm-none-eabi/10.3.1/thumb/v7-m/nofp\libgcc.a(_arm_muldf3.o)
                              ./Core/ARGB.o (__aeabi_dmul)
c:/st/stm32cubeide_1.9.0/stm32cubeide/plugins/com.st.stm32cube.ide.mcu.externaltools.gnu-tools-for-stm32.10.3-2021.10.win32_1.0.0.202111181127/tools/bin/../lib/gcc/arm-none-eabi/10.3.1/thumb/v7-m/nofp\libgcc.a(_arm_mulsf3.o)
                              ./Core/ARGB.o (__aeabi_fmul)
c:/st/stm32cubeide_1.9.0/stm32cubeide/plugins/com.st.stm32cube.ide.mcu.externaltools.gnu-tools-for-stm32.10.3-2021.10.win32_1.0.0.202111181127/tools/bin/../lib/gcc/arm-none-eabi/10.3.1/thumb/v7-m/nofp\libgcc.a(_arm_addsubdf3.o)
                              ./Core/ARGB.o (__aeabi_ui2d)
c:/st/stm32cubeide_1.9.0/stm32cubeide/plugins/com.st.stm32cube.ide.mcu.externaltools.gnu-tools-for-stm32.10.3-2021.10.win32_1.0.0.202111181127/tools/bin/../lib/gcc/arm-none-eabi/10.3.1/thumb/v7-m/nofp\libgcc.a(_arm_fixunsdfsi.o)
                              ./Core/ARGB.o (__aeabi_d2uiz)
c:/st/stm32cubeide_1.9.0/stm32cubeide/plugins/com.st.stm32cube.ide.mcu.externaltools.gnu-tools-for-stm32.10.3-2021.10.win32_1.0.0.202111181127/tools/bin/../lib/gcc/arm-none-eabi/10.3.1/thumb/v7-m/nofp\libgcc.a(_arm_addsubsf3.o)
                              ./Core/ARGB.o (__aeabi_fsub)
c:/st/stm32cubeide_1.9.0/stm32cubeide/plugins/com.st.stm32cube.ide.mcu.externaltools.gnu-tools-for-stm32.10.3-2021.10.win32_1.0.0.202111181127/tools/bin/../lib/gcc/arm-none-eabi/10.3.1/thumb/v7-m/nofp\libgcc.a(_arm_muldivsf3.o)
                              ./Core/ARGB.o (__aeabi_fdiv)
c:/st/stm32cubeide_1.9.0/stm32cubeide/plugins/com.st.stm32cube.ide.mcu.externaltools.gnu-tools-for-stm32.10.3-2021.10.win32_1.0.0.202111181127/tools/bin/../lib/gcc/arm-none-eabi/10.3.1/thumb/v7-m/nofp\libgcc.a(_arm_cmpsf2.o)
[...]
Memory Configuration

Name             Origin             Length             Attributes
RAM              0x0000000020000000 0x0000000000005000 xrw
FLASH            0x0000000008000000 0x0000000000010000 xr
*default*        0x0000000000000000 0xffffffffffffffff

Linker script and memory map

LOAD c:/st/stm32cubeide_1.9.0/stm32cubeide/plugins/com.st.stm32cube.ide.mcu.externaltools.gnu-tools-for-stm32.10.3-2021.10.win32_1.0.0.202111181127/tools/bin/../lib/gcc/arm-none-eabi/10.3.1/thumb/v7-m/nofp/crti.o
LOAD c:/st/stm32cubeide_1.9.0/stm32cubeide/plugins/com.st.stm32cube.ide.mcu.externaltools.gnu-tools-for-stm32.10.3-2021.10.win32_1.0.0.202111181127/tools/bin/../lib/gcc/arm-none-eabi/10.3.1/thumb/v7-m/nofp/crtbegin.o
LOAD c:/st/stm32cubeide_1.9.0/stm32cubeide/plugins/com.st.stm32cube.ide.mcu.externaltools.gnu-tools-for-stm32.10.3-2021.10.win32_1.0.0.202111181127/tools/bin/../lib/gcc/arm-none-eabi/10.3.1/../../../../arm-none-eabi/lib/thumb/v7-m/nofp/crt0.o
LOAD ./Core/ARGB.o
LOAD ./Core/app_main.o
LOAD ./Core/Src/main.o
LOAD ./Core/Src/stm32f1xx_hal_msp.o
LOAD ./Core/Src/stm32f1xx_it.o
LOAD ./Core/Src/syscalls.o
LOAD ./Core/Src/sysmem.o
LOAD ./Core/Src/system_stm32f1xx.o
LOAD ./Core/Startup/startup_stm32f103c8tx.o
LOAD ./Drivers/STM32F1xx_HAL_Driver/Src/stm32f1xx_hal.o
LOAD ./Drivers/STM32F1xx_HAL_Driver/Src/stm32f1xx_hal_cortex.o
LOAD ./Drivers/STM32F1xx_HAL_Driver/Src/stm32f1xx_hal_dma.o
LOAD ./Drivers/STM32F1xx_HAL_Driver/Src/stm32f1xx_hal_exti.o
LOAD ./Drivers/STM32F1xx_HAL_Driver/Src/stm32f1xx_hal_flash.o
LOAD ./Drivers/STM32F1xx_HAL_Driver/Src/stm32f1xx_hal_flash_ex.o
LOAD ./Drivers/STM32F1xx_HAL_Driver/Src/stm32f1xx_hal_gpio.o
LOAD ./Drivers/STM32F1xx_HAL_Driver/Src/stm32f1xx_hal_gpio_ex.o
LOAD ./Drivers/STM32F1xx_HAL_Driver/Src/stm32f1xx_hal_pwr.o
LOAD ./Drivers/STM32F1xx_HAL_Driver/Src/stm32f1xx_hal_rcc.o
LOAD ./Drivers/STM32F1xx_HAL_Driver/Src/stm32f1xx_hal_rcc_ex.o
LOAD ./Drivers/STM32F1xx_HAL_Driver/Src/stm32f1xx_hal_tim.o
LOAD ./Drivers/STM32F1xx_HAL_Driver/Src/stm32f1xx_hal_tim_ex.o
START GROUP
LOAD c:/st/stm32cubeide_1.9.0/stm32cubeide/plugins/com.st.stm32cube.ide.mcu.externaltools.gnu-tools-for-stm32.10.3-2021.10.win32_1.0.0.202111181127/tools/bin/../lib/gcc/arm-none-eabi/10.3.1/../../../../arm-none-eabi/lib/thumb/v7-m/nofp\libc_nano.a
LOAD c:/st/stm32cubeide_1.9.0/stm32cubeide/plugins/com.st.stm32cube.ide.mcu.externaltools.gnu-tools-for-stm32.10.3-2021.10.win32_1.0.0.202111181127/tools/bin/../lib/gcc/arm-none-eabi/10.3.1/../../../../arm-none-eabi/lib/thumb/v7-m/nofp\libm.a
END GROUP
START GROUP
LOAD c:/st/stm32cubeide_1.9.0/stm32cubeide/plugins/com.st.stm32cube.ide.mcu.externaltools.gnu-tools-for-stm32.10.3-2021.10.win32_1.0.0.202111181127/tools/bin/../lib/gcc/arm-none-eabi/10.3.1/thumb/v7-m/nofp\libgcc.a
LOAD c:/st/stm32cubeide_1.9.0/stm32cubeide/plugins/com.st.stm32cube.ide.mcu.externaltools.gnu-tools-for-stm32.10.3-2021.10.win32_1.0.0.202111181127/tools/bin/../lib/gcc/arm-none-eabi/10.3.1/../../../../arm-none-eabi/lib/thumb/v7-m/nofp\libc_nano.a
END GROUP
START GROUP
LOAD c:/st/stm32cubeide_1.9.0/stm32cubeide/plugins/com.st.stm32cube.ide.mcu.externaltools.gnu-tools-for-stm32.10.3-2021.10.win32_1.0.0.202111181127/tools/bin/../lib/gcc/arm-none-eabi/10.3.1/thumb/v7-m/nofp\libgcc.a
LOAD c:/st/stm32cubeide_1.9.0/stm32cubeide/plugins/com.st.stm32cube.ide.mcu.externaltools.gnu-tools-for-stm32.10.3-2021.10.win32_1.0.0.202111181127/tools/bin/../lib/gcc/arm-none-eabi/10.3.1/../../../../arm-none-eabi/lib/thumb/v7-m/nofp\libc_nano.a
LOAD c:/st/stm32cubeide_1.9.0/stm32cubeide/plugins/com.st.stm32cube.ide.mcu.externaltools.gnu-tools-for-stm32.10.3-2021.10.win32_1.0.0.202111181127/tools/bin/../lib/gcc/arm-none-eabi/10.3.1/../../../../arm-none-eabi/lib/thumb/v7-m/nofp\libnosys.a
END GROUP
START GROUP
LOAD c:/st/stm32cubeide_1.9.0/stm32cubeide/plugins/com.st.stm32cube.ide.mcu.externaltools.gnu-tools-for-stm32.10.3-2021.10.win32_1.0.0.202111181127/tools/bin/../lib/gcc/arm-none-eabi/10.3.1/thumb/v7-m/nofp\libgcc.a
LOAD c:/st/stm32cubeide_1.9.0/stm32cubeide/plugins/com.st.stm32cube.ide.mcu.externaltools.gnu-tools-for-stm32.10.3-2021.10.win32_1.0.0.202111181127/tools/bin/../lib/gcc/arm-none-eabi/10.3.1/../../../../arm-none-eabi/lib/thumb/v7-m/nofp\libc_nano.a
LOAD c:/st/stm32cubeide_1.9.0/stm32cubeide/plugins/com.st.stm32cube.ide.mcu.externaltools.gnu-tools-for-stm32.10.3-2021.10.win32_1.0.0.202111181127/tools/bin/../lib/gcc/arm-none-eabi/10.3.1/../../../../arm-none-eabi/lib/thumb/v7-m/nofp\libnosys.a
END GROUP
LOAD c:/st/stm32cubeide_1.9.0/stm32cubeide/plugins/com.st.stm32cube.ide.mcu.externaltools.gnu-tools-for-stm32.10.3-2021.10.win32_1.0.0.202111181127/tools/bin/../lib/gcc/arm-none-eabi/10.3.1/thumb/v7-m/nofp/crtend.o
LOAD c:/st/stm32cubeide_1.9.0/stm32cubeide/plugins/com.st.stm32cube.ide.mcu.externaltools.gnu-tools-for-stm32.10.3-2021.10.win32_1.0.0.202111181127/tools/bin/../lib/gcc/arm-none-eabi/10.3.1/thumb/v7-m/nofp/crtn.o
                0x0000000020005000                _estack = (ORIGIN (RAM) + LENGTH (RAM))
                0x0000000000000200                _Min_Heap_Size = 0x200
                0x0000000000000400                _Min_Stack_Size = 0x400

.isr_vector     0x0000000008000000      0x10c
                0x0000000008000000                . = ALIGN (0x4)
 *(.isr_vector)
 .isr_vector    0x0000000008000000      0x10c ./Core/Startup/startup_stm32f103c8tx.o
                0x0000000008000000                g_pfnVectors
                0x000000000800010c                . = ALIGN (0x4)

.text           0x0000000008000110     0x3a58
                0x0000000008000110                . = ALIGN (0x4)
 *(.text)
 .text          0x0000000008000110       0x40 c:/st/stm32cubeide_1.9.0/stm32cubeide/plugins/com.st.stm32cube.ide.mcu.externaltools.gnu-tools-for-stm32.10.3-2021.10.win32_1.0.0.202111181127/tools/bin/../lib/gcc/arm-none-eabi/10.3.1/thumb/v7-m/nofp/crtbegin.o
 .text          0x0000000008000150      0x254 c:/st/stm32cubeide_1.9.0/stm32cubeide/plugins/com.st.stm32cube.ide.mcu.externaltools.gnu-tools-for-stm32.10.3-2021.10.win32_1.0.0.202111181127/tools/bin/../lib/gcc/arm-none-eabi/10.3.1/thumb/v7-m/nofp\libgcc.a(_arm_muldf3.o)
                0x0000000008000150                __muldf3
                0x0000000008000150                __aeabi_dmul
 .text          0x00000000080003a4      0x378 c:/st/stm32cubeide_1.9.0/stm32cubeide/plugins/com.st.stm32cube.ide.mcu.externaltools.gnu-tools-for-stm32.10.3-2021.10.win32_1.0.0.202111181127/tools/bin/../lib/gcc/arm-none-eabi/10.3.1/thumb/v7-m/nofp\libgcc.a(_arm_addsubdf3.o)
                0x00000000080003a4                __aeabi_drsub
                0x00000000080003ac                __aeabi_dsub
                0x00000000080003ac                __subdf3
                0x00000000080003b0                __aeabi_dadd
                0x00000000080003b0                __adddf3
                0x0000000008000628                __floatunsidf
                0x0000000008000628                __aeabi_ui2d
                0x0000000008000648                __floatsidf
                0x0000000008000648                __aeabi_i2d
                0x000000000800066c                __aeabi_f2d
                0x000000000800066c                __extendsfdf2
                0x00000000080006b0                __floatundidf
                0x00000000080006b0                __aeabi_ul2d
                0x00000000080006c0                __floatdidf
                0x00000000080006c0                __aeabi_l2d
 .text          0x000000000800071c       0x40 c:/st/stm32cubeide_1.9.0/stm32cubeide/plugins/com.st.stm32cube.ide.mcu.externaltools.gnu-tools-for-stm32.10.3-2021.10.win32_1.0.0.202111181127/tools/bin/../lib/gcc/arm-none-eabi/10.3.1/thumb/v7-m/nofp\libgcc.a(_arm_fixunsdfsi.o)
                0x000000000800071c                __aeabi_d2uiz
                0x000000000800071c                __fixunsdfsi
 *(.text*)
 *fill*         0x000000000800075c        0x4 
 .text.ARGB_Init
                0x0000000008000760       0xf0 ./Core/ARGB.o
                0x0000000008000760                ARGB_Init
 .text.ARGB_Clear
                0x0000000008000850       0x12 ./Core/ARGB.o
                0x0000000008000850                ARGB_Clear
 *fill*         0x0000000008000862        0x2 
 .text.ARGB_SetRGB
                0x0000000008000864       0xf4 ./Core/ARGB.o
                0x0000000008000864                ARGB_SetRGB
 .text.ARGB_FillRGB
                0x0000000008000958       0x42 ./Core/ARGB.o
                0x0000000008000958                ARGB_FillRGB
 *fill*         0x000000000800099a        0x2 
 .text.ARGB_Show
                0x000000000800099c      0x2d4 ./Core/ARGB.o
                0x000000000800099c                ARGB_Show
 .text.scale8   0x0000000008000c70       0x26 ./Core/ARGB.o
 *fill*         0x0000000008000c96        0x2 
 .text.ARGB_TIM_DMADelayPulseCplt
                0x0000000008000c98      0x2b0 ./Core/ARGB.o
 .text.ARGB_TIM_DMADelayPulseHalfCplt
                0x0000000008000f48      0x17c ./Core/ARGB.o
 .text.app_main
                0x00000000080010c4       0x1e ./Core/app_main.o
                0x00000000080010c4                app_main
 .text.set_led_mas
                0x00000000080010e2       0x7c ./Core/app_main.o
                0x00000000080010e2                set_led_mas
 .text.run_light
                0x000000000800115e       0x82 ./Core/app_main.o
                0x000000000800115e                run_light
 .text.add_first_light
                0x00000000080011e0       0x26 ./Core/app_main.o
                0x00000000080011e0                add_first_light
 *fill*         0x0000000008001206        0x2 
 .text.HAL_TIM_PeriodElapsedCallback
                0x0000000008001208       0x30 ./Core/app_main.o
                0x0000000008001208                HAL_TIM_PeriodElapsedCallback
 .text.HAL_GPIO_EXTI_Callback
                0x0000000008001238       0x3c ./Core/app_main.o
                0x0000000008001238                HAL_GPIO_EXTI_Callback
 .text.main     0x0000000008001274       0x2c ./Core/Src/main.o
                0x0000000008001274                main
 .text.SystemClock_Config
                0x00000000080012a0       0x8a ./Core/Src/main.o
                0x00000000080012a0                SystemClock_Config
 *fill*         0x000000000800132a        0x2 
 .text.MX_TIM1_Init
                0x000000000800132c      0x140 ./Core/Src/main.o
 .text.MX_TIM2_Init
                0x000000000800146c       0x98 ./Core/Src/main.o
 .text.MX_DMA_Init
                0x0000000008001504       0x3c ./Core/Src/main.o
 .text.MX_GPIO_Init
                0x0000000008001540       0xe0 ./Core/Src/main.o
 .text.Error_Handler
                0x0000000008001620        0xa ./Core/Src/main.o
                0x0000000008001620                Error_Handler
 *fill*         0x000000000800162a        0x2 
 .text.HAL_MspInit
                0x000000000800162c       0x64 ./Core/Src/stm32f1xx_hal_msp.o
                0x000000000800162c                HAL_MspInit
 .text.HAL_TIM_Base_MspInit
                0x0000000008001690       0xc8 ./Core/Src/stm32f1xx_hal_msp.o
                0x0000000008001690                HAL_TIM_Base_MspInit
 .text.HAL_TIM_MspPostInit
                0x0000000008001758       0x68 ./Core/Src/stm32f1xx_hal_msp.o
                0x0000000008001758                HAL_TIM_MspPostInit
 .text.NMI_Handler
                0x00000000080017c0        0x6 ./Core/Src/stm32f1xx_it.o
                0x00000000080017c0                NMI_Handler
 .text.HardFault_Handler
                0x00000000080017c6        0x6 ./Core/Src/stm32f1xx_it.o
                0x00000000080017c6                HardFault_Handler
 .text.MemManage_Handler
                0x00000000080017cc        0x6 ./Core/Src/stm32f1xx_it.o
                0x00000000080017cc                MemManage_Handler
 .text.BusFault_Handler
                0x00000000080017d2        0x6 ./Core/Src/stm32f1xx_it.o
                0x00000000080017d2                BusFault_Handler
 .text.UsageFault_Handler
                0x00000000080017d8        0x6 ./Core/Src/stm32f1xx_it.o
                0x00000000080017d8                UsageFault_Handler
 .text.SVC_Handler
                0x00000000080017de        0xc ./Core/Src/stm32f1xx_it.o
                0x00000000080017de                SVC_Handler
 .text.DebugMon_Handler
                0x00000000080017ea        0xc ./Core/Src/stm32f1xx_it.o
                0x00000000080017ea                DebugMon_Handler
 .text.PendSV_Handler
                0x00000000080017f6        0xc ./Core/Src/stm32f1xx_it.o
                0x00000000080017f6                PendSV_Handler
 .text.SysTick_Handler
                0x0000000008001802        0xc ./Core/Src/stm32f1xx_it.o
                0x0000000008001802                SysTick_Handler
 *fill*         0x000000000800180e        0x2 
 .text.DMA1_Channel2_IRQHandler
                0x0000000008001810       0x14 ./Core/Src/stm32f1xx_it.o
                0x0000000008001810                DMA1_Channel2_IRQHandler
 .text.TIM2_IRQHandler
                0x0000000008001824       0x14 ./Core/Src/stm32f1xx_it.o
                0x0000000008001824                TIM2_IRQHandler
 .text.EXTI15_10_IRQHandler
                0x0000000008001838       0x10 ./Core/Src/stm32f1xx_it.o
                0x0000000008001838                EXTI15_10_IRQHandler
 .text.SystemInit
                0x0000000008001848        0xc ./Core/Src/system_stm32f1xx.o
                0x0000000008001848                SystemInit
 .text.Reset_Handler
                0x0000000008001854       0x48 ./Core/Startup/startup_stm32f103c8tx.o
                0x0000000008001854                Reset_Handler
 .text.Default_Handler
                0x000000000800189c        0x2 ./Core/Startup/startup_stm32f103c8tx.o
                0x000000000800189c                RTC_Alarm_IRQHandler
                0x000000000800189c                EXTI2_IRQHandler
                0x000000000800189c                TIM1_CC_IRQHandler
                0x000000000800189c                PVD_IRQHandler
                0x000000000800189c                EXTI3_IRQHandler
                0x000000000800189c                EXTI0_IRQHandler
                0x000000000800189c                I2C2_EV_IRQHandler
                0x000000000800189c                ADC1_2_IRQHandler
                0x000000000800189c                SPI1_IRQHandler
                0x000000000800189c                TAMPER_IRQHandler
                0x000000000800189c                DMA1_Channel4_IRQHandler
                0x000000000800189c                USART3_IRQHandler
                0x000000000800189c                RTC_IRQHandler
                0x000000000800189c                DMA1_Channel7_IRQHandler
                0x000000000800189c                CAN1_RX1_IRQHandler
                0x000000000800189c                TIM4_IRQHandler
                0x000000000800189c                I2C1_EV_IRQHandler
                0x000000000800189c                DMA1_Channel6_IRQHandler
                0x000000000800189c                TIM3_IRQHandler
                0x000000000800189c                RCC_IRQHandler
                0x000000000800189c                TIM1_TRG_COM_IRQHandler
                0x000000000800189c                DMA1_Channel1_IRQHandler
                0x000000000800189c                Default_Handler
                0x000000000800189c                EXTI9_5_IRQHandler
                0x000000000800189c                SPI2_IRQHandler
                0x000000000800189c                DMA1_Channel5_IRQHandler
                0x000000000800189c                EXTI4_IRQHandler
                0x000000000800189c                USB_LP_CAN1_RX0_IRQHandler
                0x000000000800189c                USB_HP_CAN1_TX_IRQHandler
                0x000000000800189c                DMA1_Channel3_IRQHandler
                0x000000000800189c                TIM1_UP_IRQHandler
                0x000000000800189c                WWDG_IRQHandler
                0x000000000800189c                TIM1_BRK_IRQHandler
                0x000000000800189c                EXTI1_IRQHandler
                0x000000000800189c                USART2_IRQHandler
                0x000000000800189c                I2C2_ER_IRQHandler
                0x000000000800189c                CAN1_SCE_IRQHandler
                0x000000000800189c                FLASH_IRQHandler
                0x000000000800189c                USART1_IRQHandler
                0x000000000800189c                I2C1_ER_IRQHandler
                0x000000000800189c                USBWakeUp_IRQHandler
 *fill*         0x000000000800189e        0x2 
 .text.HAL_Init
                0x00000000080018a0       0x2c ./Drivers/STM32F1xx_HAL_Driver/Src/stm32f1xx_hal.o
                0x00000000080018a0                HAL_Init
 .text.HAL_InitTick
                0x00000000080018cc       0x60 ./Drivers/STM32F1xx_HAL_Driver/Src/stm32f1xx_hal.o
                0x00000000080018cc                HAL_InitTick
 .text.HAL_IncTick
                0x000000000800192c       0x24 ./Drivers/STM32F1xx_HAL_Driver/Src/stm32f1xx_hal.o
                0x000000000800192c                HAL_IncTick
 .text.HAL_GetTick
                0x0000000008001950       0x14 ./Drivers/STM32F1xx_HAL_Driver/Src/stm32f1xx_hal.o
                0x0000000008001950                HAL_GetTick
 .text.HAL_Delay
                0x0000000008001964       0x48 ./Drivers/STM32F1xx_HAL_Driver/Src/stm32f1xx_hal.o
                0x0000000008001964                HAL_Delay
 .text.__NVIC_SetPriorityGrouping
                0x00000000080019ac       0x48 ./Drivers/STM32F1xx_HAL_Driver/Src/stm32f1xx_hal_cortex.o
 .text.__NVIC_GetPriorityGrouping
                0x00000000080019f4       0x1c ./Drivers/STM32F1xx_HAL_Driver/Src/stm32f1xx_hal_cortex.o
 .text.__NVIC_EnableIRQ
                0x0000000008001a10       0x38 ./Drivers/STM32F1xx_HAL_Driver/Src/stm32f1xx_hal_cortex.o
 .text.__NVIC_SetPriority
                0x0000000008001a48       0x54 ./Drivers/STM32F1xx_HAL_Driver/Src/stm32f1xx_hal_cortex.o
 .text.NVIC_EncodePriority
                0x0000000008001a9c       0x64 ./Drivers/STM32F1xx_HAL_Driver/Src/stm32f1xx_hal_cortex.o
 .text.SysTick_Config
                0x0000000008001b00       0x44 ./Drivers/STM32F1xx_HAL_Driver/Src/stm32f1xx_hal_cortex.o
 .text.HAL_NVIC_SetPriorityGrouping
                0x0000000008001b44       0x16 ./Drivers/STM32F1xx_HAL_Driver/Src/stm32f1xx_hal_cortex.o
                0x0000000008001b44                HAL_NVIC_SetPriorityGrouping
 .text.HAL_NVIC_SetPriority
                0x0000000008001b5a       0x38 ./Drivers/STM32F1xx_HAL_Driver/Src/stm32f1xx_hal_cortex.o
                0x0000000008001b5a                HAL_NVIC_SetPriority
 .text.HAL_NVIC_EnableIRQ
                0x0000000008001b92       0x1c ./Drivers/STM32F1xx_HAL_Driver/Src/stm32f1xx_hal_cortex.o
                0x0000000008001b92                HAL_NVIC_EnableIRQ
 .text.HAL_SYSTICK_Config
                0x0000000008001bae       0x18 ./Drivers/STM32F1xx_HAL_Driver/Src/stm32f1xx_hal_cortex.o
                0x0000000008001bae                HAL_SYSTICK_Config
 *fill*         0x0000000008001bc6        0x2 
 .text.HAL_DMA_Init
                0x0000000008001bc8       0xb4 ./Drivers/STM32F1xx_HAL_Driver/Src/stm32f1xx_hal_dma.o
                0x0000000008001bc8                HAL_DMA_Init
 .text.HAL_DMA_Start_IT
                0x0000000008001c7c       0xc0 ./Drivers/STM32F1xx_HAL_Driver/Src/stm32f1xx_hal_dma.o
                0x0000000008001c7c                HAL_DMA_Start_IT
 .text.HAL_DMA_Abort_IT
                0x0000000008001d3c       0xf0 ./Drivers/STM32F1xx_HAL_Driver/Src/stm32f1xx_hal_dma.o
                0x0000000008001d3c                HAL_DMA_Abort_IT
 .text.HAL_DMA_IRQHandler
                0x0000000008001e2c      0x20c ./Drivers/STM32F1xx_HAL_Driver/Src/stm32f1xx_hal_dma.o
                0x0000000008001e2c                HAL_DMA_IRQHandler
 .text.DMA_SetConfig
                0x0000000008002038       0x5a ./Drivers/STM32F1xx_HAL_Driver/Src/stm32f1xx_hal_dma.o
 *fill*         0x0000000008002092        0x2 
 .text.HAL_GPIO_Init
                0x0000000008002094      0x308 ./Drivers/STM32F1xx_HAL_Driver/Src/stm32f1xx_hal_gpio.o
                0x0000000008002094                HAL_GPIO_Init
 .text.HAL_GPIO_WritePin
                0x000000000800239c       0x30 ./Drivers/STM32F1xx_HAL_Driver/Src/stm32f1xx_hal_gpio.o
                0x000000000800239c                HAL_GPIO_WritePin
 .text.HAL_GPIO_TogglePin
                0x00000000080023cc       0x32 ./Drivers/STM32F1xx_HAL_Driver/Src/stm32f1xx_hal_gpio.o
                0x00000000080023cc                HAL_GPIO_TogglePin
 *fill*         0x00000000080023fe        0x2 
 .text.HAL_GPIO_EXTI_IRQHandler
                0x0000000008002400       0x30 ./Drivers/STM32F1xx_HAL_Driver/Src/stm32f1xx_hal_gpio.o
                0x0000000008002400                HAL_GPIO_EXTI_IRQHandler
 .text.HAL_RCC_OscConfig
                0x0000000008002430      0x504 ./Drivers/STM32F1xx_HAL_Driver/Src/stm32f1xx_hal_rcc.o
                0x0000000008002430                HAL_RCC_OscConfig
 .text.HAL_RCC_ClockConfig
                0x0000000008002934      0x1d4 ./Drivers/STM32F1xx_HAL_Driver/Src/stm32f1xx_hal_rcc.o
                0x0000000008002934                HAL_RCC_ClockConfig
 .text.HAL_RCC_GetSysClockFreq
                0x0000000008002b08       0xa8 ./Drivers/STM32F1xx_HAL_Driver/Src/stm32f1xx_hal_rcc.o
                0x0000000008002b08                HAL_RCC_GetSysClockFreq
 .text.HAL_RCC_GetHCLKFreq
                0x0000000008002bb0       0x14 ./Drivers/STM32F1xx_HAL_Driver/Src/stm32f1xx_hal_rcc.o
                0x0000000008002bb0                HAL_RCC_GetHCLKFreq
 .text.HAL_RCC_GetPCLK1Freq
                0x0000000008002bc4       0x28 ./Drivers/STM32F1xx_HAL_Driver/Src/stm32f1xx_hal_rcc.o
                0x0000000008002bc4                HAL_RCC_GetPCLK1Freq
 .text.RCC_Delay
                0x0000000008002bec       0x3c ./Drivers/STM32F1xx_HAL_Driver/Src/stm32f1xx_hal_rcc.o
 .text.HAL_TIM_Base_Init
                0x0000000008002c28       0x9e ./Drivers/STM32F1xx_HAL_Driver/Src/stm32f1xx_hal_tim.o
                0x0000000008002c28                HAL_TIM_Base_Init
 *fill*         0x0000000008002cc6        0x2 
 .text.HAL_TIM_Base_Start_IT
                0x0000000008002cc8       0xa4 ./Drivers/STM32F1xx_HAL_Driver/Src/stm32f1xx_hal_tim.o
                0x0000000008002cc8                HAL_TIM_Base_Start_IT
 .text.HAL_TIM_PWM_Init
                0x0000000008002d6c       0x9e ./Drivers/STM32F1xx_HAL_Driver/Src/stm32f1xx_hal_tim.o
                0x0000000008002d6c                HAL_TIM_PWM_Init
 .text.HAL_TIM_PWM_MspInit
                0x0000000008002e0a       0x12 ./Drivers/STM32F1xx_HAL_Driver/Src/stm32f1xx_hal_tim.o
                0x0000000008002e0a                HAL_TIM_PWM_MspInit
 .text.HAL_TIM_IRQHandler
                0x0000000008002e1c      0x210 ./Drivers/STM32F1xx_HAL_Driver/Src/stm32f1xx_hal_tim.o
                0x0000000008002e1c                HAL_TIM_IRQHandler
 .text.HAL_TIM_PWM_ConfigChannel
                0x000000000800302c      0x184 ./Drivers/STM32F1xx_HAL_Driver/Src/stm32f1xx_hal_tim.o
                0x000000000800302c                HAL_TIM_PWM_ConfigChannel
 .text.HAL_TIM_ConfigClockSource
                0x00000000080031b0      0x18e ./Drivers/STM32F1xx_HAL_Driver/Src/stm32f1xx_hal_tim.o
                0x00000000080031b0                HAL_TIM_ConfigClockSource
 .text.HAL_TIM_OC_DelayElapsedCallback
                0x000000000800333e       0x12 ./Drivers/STM32F1xx_HAL_Driver/Src/stm32f1xx_hal_tim.o
                0x000000000800333e                HAL_TIM_OC_DelayElapsedCallback
 .text.HAL_TIM_IC_CaptureCallback
                0x0000000008003350       0x12 ./Drivers/STM32F1xx_HAL_Driver/Src/stm32f1xx_hal_tim.o
                0x0000000008003350                HAL_TIM_IC_CaptureCallback
 .text.HAL_TIM_PWM_PulseFinishedCallback
                0x0000000008003362       0x12 ./Drivers/STM32F1xx_HAL_Driver/Src/stm32f1xx_hal_tim.o
                0x0000000008003362                HAL_TIM_PWM_PulseFinishedCallback
 .text.HAL_TIM_TriggerCallback
                0x0000000008003374       0x12 ./Drivers/STM32F1xx_HAL_Driver/Src/stm32f1xx_hal_tim.o
                0x0000000008003374                HAL_TIM_TriggerCallback
 .text.HAL_TIM_ErrorCallback
                0x0000000008003386       0x12 ./Drivers/STM32F1xx_HAL_Driver/Src/stm32f1xx_hal_tim.o
                0x0000000008003386                HAL_TIM_ErrorCallback
 .text.TIM_DMAError
                0x0000000008003398       0x92 ./Drivers/STM32F1xx_HAL_Driver/Src/stm32f1xx_hal_tim.o
                0x0000000008003398                TIM_DMAError
 *fill*         0x000000000800342a        0x2 
 .text.TIM_Base_SetConfig
                0x000000000800342c       0xc4 ./Drivers/STM32F1xx_HAL_Driver/Src/stm32f1xx_hal_tim.o
                0x000000000800342c                TIM_Base_SetConfig
 .text.TIM_OC1_SetConfig
                0x00000000080034f0       0xcc ./Drivers/STM32F1xx_HAL_Driver/Src/stm32f1xx_hal_tim.o
 .text.TIM_OC2_SetConfig
                0x00000000080035bc       0xd4 ./Drivers/STM32F1xx_HAL_Driver/Src/stm32f1xx_hal_tim.o
                0x00000000080035bc                TIM_OC2_SetConfig
 .text.TIM_OC3_SetConfig
                0x0000000008003690       0xd4 ./Drivers/STM32F1xx_HAL_Driver/Src/stm32f1xx_hal_tim.o
 .text.TIM_OC4_SetConfig
                0x0000000008003764       0x9c ./Drivers/STM32F1xx_HAL_Driver/Src/stm32f1xx_hal_tim.o
 .text.TIM_TI1_ConfigInputStage
                0x0000000008003800       0x5c ./Drivers/STM32F1xx_HAL_Driver/Src/stm32f1xx_hal_tim.o
 .text.TIM_TI2_ConfigInputStage
                0x000000000800385c       0x5e ./Drivers/STM32F1xx_HAL_Driver/Src/stm32f1xx_hal_tim.o
 .text.TIM_ITRx_SetConfig
                0x00000000080038ba       0x34 ./Drivers/STM32F1xx_HAL_Driver/Src/stm32f1xx_hal_tim.o
 .text.TIM_ETR_SetConfig
                0x00000000080038ee       0x3e ./Drivers/STM32F1xx_HAL_Driver/Src/stm32f1xx_hal_tim.o
                0x00000000080038ee                TIM_ETR_SetConfig
 .text.TIM_CCxChannelCmd
                0x000000000800392c       0x48 ./Drivers/STM32F1xx_HAL_Driver/Src/stm32f1xx_hal_tim.o
                0x000000000800392c                TIM_CCxChannelCmd
 .text.HAL_TIMEx_MasterConfigSynchronization
                0x0000000008003974       0xbc ./Drivers/STM32F1xx_HAL_Driver/Src/stm32f1xx_hal_tim_ex.o
                0x0000000008003974                HAL_TIMEx_MasterConfigSynchronization
 .text.HAL_TIMEx_ConfigBreakDeadTime
                0x0000000008003a30       0xa2 ./Drivers/STM32F1xx_HAL_Driver/Src/stm32f1xx_hal_tim_ex.o
                0x0000000008003a30                HAL_TIMEx_ConfigBreakDeadTime
 .text.HAL_TIMEx_CommutCallback
                0x0000000008003ad2       0x12 ./Drivers/STM32F1xx_HAL_Driver/Src/stm32f1xx_hal_tim_ex.o
                0x0000000008003ad2                HAL_TIMEx_CommutCallback
 .text.HAL_TIMEx_BreakCallback
                0x0000000008003ae4       0x12 ./Drivers/STM32F1xx_HAL_Driver/Src/stm32f1xx_hal_tim_ex.o
                0x0000000008003ae4                HAL_TIMEx_BreakCallback
 *fill*         0x0000000008003af6        0x2 
 .text.__libc_init_array
                0x0000000008003af8       0x48 c:/st/stm32cubeide_1.9.0/stm32cubeide/plugins/com.st.stm32cube.ide.mcu.externaltools.gnu-tools-for-stm32.10.3-2021.10.win32_1.0.0.202111181127/tools/bin/../lib/gcc/arm-none-eabi/10.3.1/../../../../arm-none-eabi/lib/thumb/v7-m/nofp\libc_nano.a(lib_a-init.o)
                0x0000000008003af8                __libc_init_array
 .text.memset   0x0000000008003b40       0x10 c:/st/stm32cubeide_1.9.0/stm32cubeide/plugins/com.st.stm32cube.ide.mcu.externaltools.gnu-tools-for-stm32.10.3-2021.10.win32_1.0.0.202111181127/tools/bin/../lib/gcc/arm-none-eabi/10.3.1/../../../../arm-none-eabi/lib/thumb/v7-m/nofp\libc_nano.a(lib_a-memset.o)
                0x0000000008003b40                memset
 *(.glue_7)
 .glue_7        0x0000000008003b50        0x0 linker stubs
 *(.glue_7t)
 .glue_7t       0x0000000008003b50        0x0 linker stubs
 *(.eh_frame)
 .eh_frame      0x0000000008003b50        0x0 c:/st/stm32cubeide_1.9.0/stm32cubeide/plugins/com.st.stm32cube.ide.mcu.externaltools.gnu-tools-for-stm32.10.3-2021.10.win32_1.0.0.202111181127/tools/bin/../lib/gcc/arm-none-eabi/10.3.1/thumb/v7-m/nofp/crtbegin.o
 *(.init)
 .init          0x0000000008003b50        0x4 c:/st/stm32cubeide_1.9.0/stm32cubeide/plugins/com.st.stm32cube.ide.mcu.externaltools.gnu-tools-for-stm32.10.3-2021.10.win32_1.0.0.202111181127/tools/bin/../lib/gcc/arm-none-eabi/10.3.1/thumb/v7-m/nofp/crti.o
                0x0000000008003b50                _init
 .init          0x0000000008003b54        0x8 c:/st/stm32cubeide_1.9.0/stm32cubeide/plugins/com.st.stm32cube.ide.mcu.externaltools.gnu-tools-for-stm32.10.3-2021.10.win32_1.0.0.202111181127/tools/bin/../lib/gcc/arm-none-eabi/10.3.1/thumb/v7-m/nofp/crtn.o
 *(.fini)
 .fini          0x0000000008003b5c        0x4 c:/st/stm32cubeide_1.9.0/stm32cubeide/plugins/com.st.stm32cube.ide.mcu.externaltools.gnu-tools-for-stm32.10.3-2021.10.win32_1.0.0.202111181127/tools/bin/../lib/gcc/arm-none-eabi/10.3.1/thumb/v7-m/nofp/crti.o
                0x0000000008003b5c                _fini
 .fini          0x0000000008003b60        0x8 c:/st/stm32cubeide_1.9.0/stm32cubeide/plugins/com.st.stm32cube.ide.mcu.externaltools.gnu-tools-for-stm32.10.3-2021.10.win32_1.0.0.202111181127/tools/bin/../lib/gcc/arm-none-eabi/10.3.1/thumb/v7-m/nofp/crtn.o
                0x0000000008003b68                . = ALIGN (0x4)
                0x0000000008003b68                _etext = .

.vfp11_veneer   0x0000000008003b68        0x0
 .vfp11_veneer  0x0000000008003b68        0x0 linker stubs

.v4_bx          0x0000000008003b68        0x0
 .v4_bx         0x0000000008003b68        0x0 linker stubs

.iplt           0x0000000008003b68        0x0
 .iplt          0x0000000008003b68        0x0 c:/st/stm32cubeide_1.9.0/stm32cubeide/plugins/com.st.stm32cube.ide.mcu.externaltools.gnu-tools-for-stm32.10.3-2021.10.win32_1.0.0.202111181127/tools/bin/../lib/gcc/arm-none-eabi/10.3.1/thumb/v7-m/nofp/crtbegin.o

.rodata         0x0000000008003b68       0x2c
                0x0000000008003b68                . = ALIGN (0x4)
 *(.rodata)
 *(.rodata*)
 .rodata.AHBPrescTable
                0x0000000008003b68       0x10 ./Core/Src/system_stm32f1xx.o
                0x0000000008003b68                AHBPrescTable
 .rodata.APBPrescTable
                0x0000000008003b78        0x8 ./Core/Src/system_stm32f1xx.o
                0x0000000008003b78                APBPrescTable
 .rodata.aPLLMULFactorTable.1
                0x0000000008003b80       0x10 ./Drivers/STM32F1xx_HAL_Driver/Src/stm32f1xx_hal_rcc.o
 .rodata.aPredivFactorTable.0
                0x0000000008003b90        0x2 ./Drivers/STM32F1xx_HAL_Driver/Src/stm32f1xx_hal_rcc.o
                0x0000000008003b94                . = ALIGN (0x4)
 *fill*         0x0000000008003b92        0x2 

.rel.dyn        0x0000000008003b94        0x0
 .rel.iplt      0x0000000008003b94        0x0 c:/st/stm32cubeide_1.9.0/stm32cubeide/plugins/com.st.stm32cube.ide.mcu.externaltools.gnu-tools-for-stm32.10.3-2021.10.win32_1.0.0.202111181127/tools/bin/../lib/gcc/arm-none-eabi/10.3.1/thumb/v7-m/nofp/crtbegin.o

.ARM.extab      0x0000000008003b94        0x0
                0x0000000008003b94                . = ALIGN (0x4)
 *(.ARM.extab* .gnu.linkonce.armextab.*)
                0x0000000008003b94                . = ALIGN (0x4)

.ARM            0x0000000008003b94        0x0
                0x0000000008003b94                . = ALIGN (0x4)
                0x0000000008003b94                __exidx_start = .
 *(.ARM.exidx*)
                0x0000000008003b94                __exidx_end = .
                0x0000000008003b94                . = ALIGN (0x4)

.preinit_array  0x0000000008003b94        0x0
                0x0000000008003b94                . = ALIGN (0x4)
                0x0000000008003b94                PROVIDE (__preinit_array_start = .)
 *(.preinit_array*)
                0x0000000008003b94                PROVIDE (__preinit_array_end = .)
                0x0000000008003b94                . = ALIGN (0x4)

.init_array     0x0000000008003b94        0x4
                0x0000000008003b94                . = ALIGN (0x4)
                0x0000000008003b94                PROVIDE (__init_array_start = .)
 *(SORT_BY_NAME(.init_array.*))
 *(.init_array*)
 .init_array    0x0000000008003b94        0x4 c:/st/stm32cubeide_1.9.0/stm32cubeide/plugins/com.st.stm32cube.ide.mcu.externaltools.gnu-tools-for-stm32.10.3-2021.10.win32_1.0.0.202111181127/tools/bin/../lib/gcc/arm-none-eabi/10.3.1/thumb/v7-m/nofp/crtbegin.o
                0x0000000008003b98                PROVIDE (__init_array_end = .)
                0x0000000008003b98                . = ALIGN (0x4)

.fini_array     0x0000000008003b98        0x4
                0x0000000008003b98                . = ALIGN (0x4)
                [!provide]                        PROVIDE (__fini_array_start = .)
 *(SORT_BY_NAME(.fini_array.*))
 *(.fini_array*)
 .fini_array    0x0000000008003b98        0x4 c:/st/stm32cubeide_1.9.0/stm32cubeide/plugins/com.st.stm32cube.ide.mcu.externaltools.gnu-tools-for-stm32.10.3-2021.10.win32_1.0.0.202111181127/tools/bin/../lib/gcc/arm-none-eabi/10.3.1/thumb/v7-m/nofp/crtbegin.o
                [!provide]                        PROVIDE (__fini_array_end = .)
                0x0000000008003b9c                . = ALIGN (0x4)
                0x0000000008003b9c                _sidata = LOADADDR (.data)

.data           0x0000000020000000       0x1c load address 0x0000000008003b9c
                0x0000000020000000                . = ALIGN (0x4)
                0x0000000020000000                _sdata = .
 *(.data)
 *(.data*)
 .data.ARGB_BR  0x0000000020000000        0x1 ./Core/ARGB.o
                0x0000000020000000                ARGB_BR
 *fill*         0x0000000020000001        0x3 
 .data.MINT     0x0000000020000004        0xc ./Core/app_main.o
                0x0000000020000004                MINT
 .data.SystemCoreClock
                0x0000000020000010        0x4 ./Core/Src/system_stm32f1xx.o
                0x0000000020000010                SystemCoreClock
 .data.uwTickPrio
                0x0000000020000014        0x4 ./Drivers/STM32F1xx_HAL_Driver/Src/stm32f1xx_hal.o
                0x0000000020000014                uwTickPrio
 .data.uwTickFreq
                0x0000000020000018        0x1 ./Drivers/STM32F1xx_HAL_Driver/Src/stm32f1xx_hal.o
                0x0000000020000018                uwTickFreq
 *(.RamFunc)
 *(.RamFunc*)
                0x000000002000001c                . = ALIGN (0x4)
 *fill*         0x0000000020000019        0x3 
                0x000000002000001c                _edata = .

.igot.plt       0x000000002000001c        0x0 load address 0x0000000008003bb8
 .igot.plt      0x000000002000001c        0x0 c:/st/stm32cubeide_1.9.0/stm32cubeide/plugins/com.st.stm32cube.ide.mcu.externaltools.gnu-tools-for-stm32.10.3-2021.10.win32_1.0.0.202111181127/tools/bin/../lib/gcc/arm-none-eabi/10.3.1/thumb/v7-m/nofp/crtbegin.o
                0x000000002000001c                . = ALIGN (0x4)

.bss            0x000000002000001c      0x540 load address 0x0000000008003bb8
                0x000000002000001c                _sbss = .
                0x000000002000001c                __bss_start__ = _sbss
 *(.bss)
 .bss           0x000000002000001c       0x1c c:/st/stm32cubeide_1.9.0/stm32cubeide/plugins/com.st.stm32cube.ide.mcu.externaltools.gnu-tools-for-stm32.10.3-2021.10.win32_1.0.0.202111181127/tools/bin/../lib/gcc/arm-none-eabi/10.3.1/thumb/v7-m/nofp/crtbegin.o
 *(.bss*)
 .bss.PWM_HI    0x0000000020000038        0x1 ./Core/ARGB.o
                0x0000000020000038                PWM_HI
 .bss.PWM_LO    0x0000000020000039        0x1 ./Core/ARGB.o
                0x0000000020000039                PWM_LO
 *fill*         0x000000002000003a        0x2 
 .bss.RGB_BUF   0x000000002000003c       0xb4 ./Core/ARGB.o
                0x000000002000003c                RGB_BUF
 .bss.PWM_BUF   0x00000000200000f0       0xc0 ./Core/ARGB.o
                0x00000000200000f0                PWM_BUF
 .bss.BUF_COUNTER
                0x00000000200001b0        0x2 ./Core/ARGB.o
                0x00000000200001b0                BUF_COUNTER
 .bss.ARGB_LOC_ST
                0x00000000200001b2        0x1 ./Core/ARGB.o
                0x00000000200001b2                ARGB_LOC_ST
 *fill*         0x00000000200001b3        0x1 
 .bss.LED_strip
                0x00000000200001b4      0x2d0 ./Core/app_main.o
                0x00000000200001b4                LED_strip
 .bss.htim1     0x0000000020000484       0x48 ./Core/Src/main.o
                0x0000000020000484                htim1
 .bss.htim2     0x00000000200004cc       0x48 ./Core/Src/main.o
                0x00000000200004cc                htim2
 .bss.hdma_tim1_ch1
                0x0000000020000514       0x44 ./Core/Src/main.o
                0x0000000020000514                hdma_tim1_ch1
 .bss.uwTick    0x0000000020000558        0x4 ./Drivers/STM32F1xx_HAL_Driver/Src/stm32f1xx_hal.o
                0x0000000020000558                uwTick
 *(COMMON)
                0x000000002000055c                . = ALIGN (0x4)
                0x000000002000055c                _ebss = .
                0x000000002000055c                __bss_end__ = _ebss

._user_heap_stack
                0x000000002000055c      0x604 load address 0x0000000008003bb8
                0x0000000020000560                . = ALIGN (0x8)
 *fill*         0x000000002000055c        0x4 
                [!provide]                        PROVIDE (end = .)
                0x0000000020000560                PROVIDE (_end = .)
                0x0000000020000760                . = (. + _Min_Heap_Size)
 *fill*         0x0000000020000560      0x200 
                0x0000000020000b60                . = (. + _Min_Stack_Size)
 *fill*         0x0000000020000760      0x400 
                0x0000000020000b60                . = ALIGN (0x8)

/DISCARD/
 libc.a(*)
 libm.a(*)
 libgcc.a(*)

.ARM.attributes
                0x0000000000000000       0x29
 *(.ARM.attributes)
 .ARM.attributes
                0x0000000000000000       0x1d c:/st/stm32cubeide_1.9.0/stm32cubeide/plugins/com.st.stm32cube.ide.mcu.externaltools.gnu-tools-for-stm32.10.3-2021.10.win32_1.0.0.202111181127/tools/bin/../lib/gcc/arm-none-eabi/10.3.1/thumb/v7-m/nofp/crti.o
 .ARM.attributes
                0x000000000000001d       0x2d c:/st/stm32cubeide_1.9.0/stm32cubeide/plugins/com.st.stm32cube.ide.mcu.externaltools.gnu-tools-for-stm32.10.3-2021.10.win32_1.0.0.202111181127/tools/bin/../lib/gcc/arm-none-eabi/10.3.1/thumb/v7-m/nofp/crtbegin.o
 .ARM.attributes
                0x000000000000004a       0x2d ./Core/ARGB.o
 .ARM.attributes
                0x0000000000000077       0x2d ./Core/app_main.o
 .ARM.attributes
                0x00000000000000a4       0x2d ./Core/Src/main.o
 .ARM.attributes
                0x00000000000000d1       0x2d ./Core/Src/stm32f1xx_hal_msp.o
 .ARM.attributes
                0x00000000000000fe       0x2d ./Core/Src/stm32f1xx_it.o
 .ARM.attributes
                0x000000000000012b       0x2d ./Core/Src/system_stm32f1xx.o
 .ARM.attributes
                0x0000000000000158       0x21 ./Core/Startup/startup_stm32f103c8tx.o
 .ARM.attributes
                0x0000000000000179       0x2d ./Drivers/STM32F1xx_HAL_Driver/Src/stm32f1xx_hal.o
 .ARM.attributes
                0x00000000000001a6       0x2d ./Drivers/STM32F1xx_HAL_Driver/Src/stm32f1xx_hal_cortex.o
 .ARM.attributes
                0x00000000000001d3       0x2d ./Drivers/STM32F1xx_HAL_Driver/Src/stm32f1xx_hal_dma.o
 .ARM.attributes
                0x0000000000000200       0x2d ./Drivers/STM32F1xx_HAL_Driver/Src/stm32f1xx_hal_gpio.o
 .ARM.attributes
                0x000000000000022d       0x2d ./Drivers/STM32F1xx_HAL_Driver/Src/stm32f1xx_hal_rcc.o
 .ARM.attributes
                0x000000000000025a       0x2d ./Drivers/STM32F1xx_HAL_Driver/Src/stm32f1xx_hal_tim.o
 .ARM.attributes
                0x0000000000000287       0x2d ./Drivers/STM32F1xx_HAL_Driver/Src/stm32f1xx_hal_tim_ex.o
 .ARM.attributes
                0x00000000000002b4       0x2d c:/st/stm32cubeide_1.9.0/stm32cubeide/plugins/com.st.stm32cube.ide.mcu.externaltools.gnu-tools-for-stm32.10.3-2021.10.win32_1.0.0.202111181127/tools/bin/../lib/gcc/arm-none-eabi/10.3.1/../../../../arm-none-eabi/lib/thumb/v7-m/nofp\libc_nano.a(lib_a-init.o)
 .ARM.attributes
                0x00000000000002e1       0x2d c:/st/stm32cubeide_1.9.0/stm32cubeide/plugins/com.st.stm32cube.ide.mcu.externaltools.gnu-tools-for-stm32.10.3-2021.10.win32_1.0.0.202111181127/tools/bin/../lib/gcc/arm-none-eabi/10.3.1/../../../../arm-none-eabi/lib/thumb/v7-m/nofp\libc_nano.a(lib_a-memset.o)
 .ARM.attributes
                0x000000000000030e       0x1d c:/st/stm32cubeide_1.9.0/stm32cubeide/plugins/com.st.stm32cube.ide.mcu.externaltools.gnu-tools-for-stm32.10.3-2021.10.win32_1.0.0.202111181127/tools/bin/../lib/gcc/arm-none-eabi/10.3.1/thumb/v7-m/nofp\libgcc.a(_arm_muldf3.o)
 .ARM.attributes
                0x000000000000032b       0x1d c:/st/stm32cubeide_1.9.0/stm32cubeide/plugins/com.st.stm32cube.ide.mcu.externaltools.gnu-tools-for-stm32.10.3-2021.10.win32_1.0.0.202111181127/tools/bin/../lib/gcc/arm-none-eabi/10.3.1/thumb/v7-m/nofp\libgcc.a(_arm_addsubdf3.o)
 .ARM.attributes
                0x0000000000000348       0x1d c:/st/stm32cubeide_1.9.0/stm32cubeide/plugins/com.st.stm32cube.ide.mcu.externaltools.gnu-tools-for-stm32.10.3-2021.10.win32_1.0.0.202111181127/tools/bin/../lib/gcc/arm-none-eabi/10.3.1/thumb/v7-m/nofp\libgcc.a(_arm_fixunsdfsi.o)
 .ARM.attributes
                0x0000000000000365       0x1d c:/st/stm32cubeide_1.9.0/stm32cubeide/plugins/com.st.stm32cube.ide.mcu.externaltools.gnu-tools-for-stm32.10.3-2021.10.win32_1.0.0.202111181127/tools/bin/../lib/gcc/arm-none-eabi/10.3.1/thumb/v7-m/nofp/crtn.o
OUTPUT(adress_diodes.elf elf32-littlearm)
LOAD linker stubs
LOAD c:/st/stm32cubeide_1.9.0/stm32cubeide/plugins/com.st.stm32cube.ide.mcu.externaltools.gnu-tools-for-stm32.10.3-2021.10.win32_1.0.0.202111181127/tools/bin/../lib/gcc/arm-none-eabi/10.3.1/../../../../arm-none-eabi/lib/thumb/v7-m/nofp\libc.a
LOAD c:/st/stm32cubeide_1.9.0/stm32cubeide/plugins/com.st.stm32cube.ide.mcu.externaltools.gnu-tools-for-stm32.10.3-2021.10.win32_1.0.0.202111181127/tools/bin/../lib/gcc/arm-none-eabi/10.3.1/../../../../arm-none-eabi/lib/thumb/v7-m/nofp\libm.a
LOAD c:/st/stm32cubeide_1.9.0/stm32cubeide/plugins/com.st.stm32cube.ide.mcu.externaltools.gnu-tools-for-stm32.10.3-2021.10.win32_1.0.0.202111181127/tools/bin/../lib/gcc/arm-none-eabi/10.3.1/thumb/v7-m/nofp\libgcc.a

.debug_info     0x0000000000000000     0xa640
 .debug_info    0x0000000000000000      0xe46 ./Core/ARGB.o
 .debug_info    0x0000000000000e46      0x9bb ./Core/app_main.o
 .debug_info    0x0000000000001801      0xf97 ./Core/Src/main.o
 .debug_info    0x0000000000002798      0xb69 ./Core/Src/stm32f1xx_hal_msp.o
 .debug_info    0x0000000000003301      0x75c ./Core/Src/stm32f1xx_it.o
 .debug_info    0x0000000000003a5d      0x23d ./Core/Src/system_stm32f1xx.o
 .debug_info    0x0000000000003c9a       0x22 ./Core/Startup/startup_stm32f103c8tx.o
 .debug_info    0x0000000000003cbc      0x734 ./Drivers/STM32F1xx_HAL_Driver/Src/stm32f1xx_hal.o
 .debug_info    0x00000000000043f0      0xb20 ./Drivers/STM32F1xx_HAL_Driver/Src/stm32f1xx_hal_cortex.o
 .debug_info    0x0000000000004f10      0x744 ./Drivers/STM32F1xx_HAL_Driver/Src/stm32f1xx_hal_dma.o
 .debug_info    0x0000000000005654      0x615 ./Drivers/STM32F1xx_HAL_Driver/Src/stm32f1xx_hal_gpio.o
 .debug_info    0x0000000000005c69      0x865 ./Drivers/STM32F1xx_HAL_Driver/Src/stm32f1xx_hal_rcc.o
 .debug_info    0x00000000000064ce     0x2bab ./Drivers/STM32F1xx_HAL_Driver/Src/stm32f1xx_hal_tim.o
 .debug_info    0x0000000000009079     0x15c7 ./Drivers/STM32F1xx_HAL_Driver/Src/stm32f1xx_hal_tim_ex.o

.debug_abbrev   0x0000000000000000     0x1d40
 .debug_abbrev  0x0000000000000000      0x357 ./Core/ARGB.o
 .debug_abbrev  0x0000000000000357      0x23f ./Core/app_main.o
 .debug_abbrev  0x0000000000000596      0x2a9 ./Core/Src/main.o
 .debug_abbrev  0x000000000000083f      0x202 ./Core/Src/stm32f1xx_hal_msp.o
 .debug_abbrev  0x0000000000000a41      0x199 ./Core/Src/stm32f1xx_it.o
 .debug_abbrev  0x0000000000000bda      0x13b ./Core/Src/system_stm32f1xx.o
 .debug_abbrev  0x0000000000000d15       0x12 ./Core/Startup/startup_stm32f103c8tx.o
 .debug_abbrev  0x0000000000000d27      0x1fb ./Drivers/STM32F1xx_HAL_Driver/Src/stm32f1xx_hal.o
 .debug_abbrev  0x0000000000000f22      0x2ed ./Drivers/STM32F1xx_HAL_Driver/Src/stm32f1xx_hal_cortex.o
 .debug_abbrev  0x000000000000120f      0x1fe ./Drivers/STM32F1xx_HAL_Driver/Src/stm32f1xx_hal_dma.o
 .debug_abbrev  0x000000000000140d      0x1bb ./Drivers/STM32F1xx_HAL_Driver/Src/stm32f1xx_hal_gpio.o
 .debug_abbrev  0x00000000000015c8      0x2a8 ./Drivers/STM32F1xx_HAL_Driver/Src/stm32f1xx_hal_rcc.o
 .debug_abbrev  0x0000000000001870      0x264 ./Drivers/STM32F1xx_HAL_Driver/Src/stm32f1xx_hal_tim.o
 .debug_abbrev  0x0000000000001ad4      0x26c ./Drivers/STM32F1xx_HAL_Driver/Src/stm32f1xx_hal_tim_ex.o

.debug_aranges  0x0000000000000000      0xab0
 .debug_aranges
                0x0000000000000000       0x90 ./Core/ARGB.o
 .debug_aranges
                0x0000000000000090       0x50 ./Core/app_main.o
 .debug_aranges
                0x00000000000000e0       0x50 ./Core/Src/main.o
 .debug_aranges
                0x0000000000000130       0x38 ./Core/Src/stm32f1xx_hal_msp.o
 .debug_aranges
                0x0000000000000168       0x78 ./Core/Src/stm32f1xx_it.o
 .debug_aranges
                0x00000000000001e0       0x28 ./Core/Src/system_stm32f1xx.o
 .debug_aranges
                0x0000000000000208       0x28 ./Core/Startup/startup_stm32f103c8tx.o
 .debug_aranges
                0x0000000000000230       0xe0 ./Drivers/STM32F1xx_HAL_Driver/Src/stm32f1xx_hal.o
 .debug_aranges
                0x0000000000000310      0x100 ./Drivers/STM32F1xx_HAL_Driver/Src/stm32f1xx_hal_cortex.o
 .debug_aranges
                0x0000000000000410       0x80 ./Drivers/STM32F1xx_HAL_Driver/Src/stm32f1xx_hal_dma.o
 .debug_aranges
                0x0000000000000490       0x58 ./Drivers/STM32F1xx_HAL_Driver/Src/stm32f1xx_hal_gpio.o
 .debug_aranges
                0x00000000000004e8       0x90 ./Drivers/STM32F1xx_HAL_Driver/Src/stm32f1xx_hal_rcc.o
 .debug_aranges
                0x0000000000000578      0x3d0 ./Drivers/STM32F1xx_HAL_Driver/Src/stm32f1xx_hal_tim.o
 .debug_aranges
                0x0000000000000948      0x168 ./Drivers/STM32F1xx_HAL_Driver/Src/stm32f1xx_hal_tim_ex.o

.debug_ranges   0x0000000000000000      0x9d8
 .debug_ranges  0x0000000000000000       0x80 ./Core/ARGB.o
 .debug_ranges  0x0000000000000080       0x40 ./Core/app_main.o
 .debug_ranges  0x00000000000000c0       0x40 ./Core/Src/main.o
 .debug_ranges  0x0000000000000100       0x28 ./Core/Src/stm32f1xx_hal_msp.o
 .debug_ranges  0x0000000000000128       0x68 ./Core/Src/stm32f1xx_it.o
 .debug_ranges  0x0000000000000190       0x18 ./Core/Src/system_stm32f1xx.o
 .debug_ranges  0x00000000000001a8       0x20 ./Core/Startup/startup_stm32f103c8tx.o
 .debug_ranges  0x00000000000001c8       0xd0 ./Drivers/STM32F1xx_HAL_Driver/Src/stm32f1xx_hal.o
 .debug_ranges  0x0000000000000298       0xf0 ./Drivers/STM32F1xx_HAL_Driver/Src/stm32f1xx_hal_cortex.o
 .debug_ranges  0x0000000000000388       0x70 ./Drivers/STM32F1xx_HAL_Driver/Src/stm32f1xx_hal_dma.o
 .debug_ranges  0x00000000000003f8       0x48 ./Drivers/STM32F1xx_HAL_Driver/Src/stm32f1xx_hal_gpio.o
 .debug_ranges  0x0000000000000440       0x80 ./Drivers/STM32F1xx_HAL_Driver/Src/stm32f1xx_hal_rcc.o
 .debug_ranges  0x00000000000004c0      0x3c0 ./Drivers/STM32F1xx_HAL_Driver/Src/stm32f1xx_hal_tim.o
 .debug_ranges  0x0000000000000880      0x158 ./Drivers/STM32F1xx_HAL_Driver/Src/stm32f1xx_hal_tim_ex.o

.debug_macro    0x0000000000000000    0x17d9c
 .debug_macro   0x0000000000000000      0x3c2 ./Core/ARGB.o
 .debug_macro   0x00000000000003c2      0xa6c ./Core/ARGB.o
 .debug_macro   0x0000000000000e2e      0x21b ./Core/ARGB.o
 .debug_macro   0x0000000000001049       0x2e ./Core/ARGB.o
 .debug_macro   0x0000000000001077       0x22 ./Core/ARGB.o
 .debug_macro   0x0000000000001099       0x22 ./Core/ARGB.o
 .debug_macro   0x00000000000010bb       0x8e ./Core/ARGB.o
 .debug_macro   0x0000000000001149       0x51 ./Core/ARGB.o
 .debug_macro   0x000000000000119a      0x103 ./Core/ARGB.o
 .debug_macro   0x000000000000129d       0x6a ./Core/ARGB.o
 .debug_macro   0x0000000000001307      0x1df ./Core/ARGB.o
 .debug_macro   0x00000000000014e6       0x1c ./Core/ARGB.o
 .debug_macro   0x0000000000001502       0x22 ./Core/ARGB.o
 .debug_macro   0x0000000000001524       0xbd ./Core/ARGB.o
 .debug_macro   0x00000000000015e1      0xd23 ./Core/ARGB.o
 .debug_macro   0x0000000000002304     0xe09e ./Core/ARGB.o
 .debug_macro   0x00000000000103a2       0x6d ./Core/ARGB.o
 .debug_macro   0x000000000001040f     0x348d ./Core/ARGB.o
 .debug_macro   0x000000000001389c      0x174 ./Core/ARGB.o
 .debug_macro   0x0000000000013a10       0x5c ./Core/ARGB.o
 .debug_macro   0x0000000000013a6c      0x5bc ./Core/ARGB.o
 .debug_macro   0x0000000000014028      0x289 ./Core/ARGB.o
 .debug_macro   0x00000000000142b1      0x1cb ./Core/ARGB.o
 .debug_macro   0x000000000001447c      0x114 ./Core/ARGB.o
 .debug_macro   0x0000000000014590      0x1b2 ./Core/ARGB.o
 .debug_macro   0x0000000000014742       0x27 ./Core/ARGB.o
 .debug_macro   0x0000000000014769      0x136 ./Core/ARGB.o
 .debug_macro   0x000000000001489f      0x1bc ./Core/ARGB.o
 .debug_macro   0x0000000000014a5b       0x34 ./Core/ARGB.o
 .debug_macro   0x0000000000014a8f       0x3c ./Core/ARGB.o
 .debug_macro   0x0000000000014acb       0x57 ./Core/ARGB.o
 .debug_macro   0x0000000000014b22       0x87 ./Core/ARGB.o
 .debug_macro   0x0000000000014ba9      0x240 ./Core/ARGB.o
 .debug_macro   0x0000000000014de9      0x140 ./Core/ARGB.o
 .debug_macro   0x0000000000014f29      0x8ed ./Core/ARGB.o
 .debug_macro   0x0000000000015816       0x83 ./Core/ARGB.o
 .debug_macro   0x0000000000015899       0x18 ./Core/ARGB.o
 .debug_macro   0x00000000000158b1       0x52 ./Core/ARGB.o
 .debug_macro   0x0000000000015903       0x3c ./Core/ARGB.o
 .debug_macro   0x000000000001593f       0x34 ./Core/ARGB.o
 .debug_macro   0x0000000000015973       0x16 ./Core/ARGB.o
 .debug_macro   0x0000000000015989       0x35 ./Core/ARGB.o
 .debug_macro   0x00000000000159be       0x16 ./Core/ARGB.o
 .debug_macro   0x00000000000159d4       0x43 ./Core/ARGB.o
 .debug_macro   0x0000000000015a17       0x34 ./Core/ARGB.o
 .debug_macro   0x0000000000015a4b       0x10 ./Core/ARGB.o
 .debug_macro   0x0000000000015a5b       0x58 ./Core/ARGB.o
 .debug_macro   0x0000000000015ab3       0x71 ./Core/ARGB.o
 .debug_macro   0x0000000000015b24       0x1c ./Core/ARGB.o
 .debug_macro   0x0000000000015b40      0x12a ./Core/ARGB.o
 .debug_macro   0x0000000000015c6a      0x341 ./Core/ARGB.o
 .debug_macro   0x0000000000015fab       0x16 ./Core/ARGB.o
 .debug_macro   0x0000000000015fc1       0x29 ./Core/ARGB.o
 .debug_macro   0x0000000000015fea       0x22 ./Core/ARGB.o
 .debug_macro   0x000000000001600c       0x16 ./Core/ARGB.o
 .debug_macro   0x0000000000016022       0x20 ./Core/ARGB.o
 .debug_macro   0x0000000000016042       0x1c ./Core/ARGB.o
 .debug_macro   0x000000000001605e       0x10 ./Core/ARGB.o
 .debug_macro   0x000000000001606e       0x10 ./Core/ARGB.o
 .debug_macro   0x000000000001607e       0x1c ./Core/ARGB.o
 .debug_macro   0x000000000001609a       0x52 ./Core/ARGB.o
 .debug_macro   0x00000000000160ec       0x22 ./Core/ARGB.o
 .debug_macro   0x000000000001610e       0x10 ./Core/ARGB.o
 .debug_macro   0x000000000001611e       0x52 ./Core/ARGB.o
 .debug_macro   0x0000000000016170       0xd5 ./Core/ARGB.o
 .debug_macro   0x0000000000016245       0x1c ./Core/ARGB.o
 .debug_macro   0x0000000000016261       0x3d ./Core/ARGB.o
 .debug_macro   0x000000000001629e       0x16 ./Core/ARGB.o
 .debug_macro   0x00000000000162b4      0x145 ./Core/ARGB.o
 .debug_macro   0x00000000000163f9       0x2e ./Core/ARGB.o
 .debug_macro   0x0000000000016427      0x19b ./Core/ARGB.o
 .debug_macro   0x00000000000165c2      0x390 ./Core/app_main.o
 .debug_macro   0x0000000000016952      0x390 ./Core/Src/main.o
 .debug_macro   0x0000000000016ce2      0x1a3 ./Core/Src/stm32f1xx_hal_msp.o
 .debug_macro   0x0000000000016e85      0x1ad ./Core/Src/stm32f1xx_it.o
 .debug_macro   0x0000000000017032      0x199 ./Core/Src/system_stm32f1xx.o
 .debug_macro   0x00000000000171cb      0x1bd ./Drivers/STM32F1xx_HAL_Driver/Src/stm32f1xx_hal.o
 .debug_macro   0x0000000000017388      0x199 ./Drivers/STM32F1xx_HAL_Driver/Src/stm32f1xx_hal_cortex.o
 .debug_macro   0x0000000000017521      0x199 ./Drivers/STM32F1xx_HAL_Driver/Src/stm32f1xx_hal_dma.o
 .debug_macro   0x00000000000176ba      0x204 ./Drivers/STM32F1xx_HAL_Driver/Src/stm32f1xx_hal_gpio.o
 .debug_macro   0x00000000000178be      0x1ab ./Drivers/STM32F1xx_HAL_Driver/Src/stm32f1xx_hal_rcc.o
 .debug_macro   0x0000000000017a69      0x19a ./Drivers/STM32F1xx_HAL_Driver/Src/stm32f1xx_hal_tim.o
 .debug_macro   0x0000000000017c03      0x199 ./Drivers/STM32F1xx_HAL_Driver/Src/stm32f1xx_hal_tim_ex.o

.debug_line     0x0000000000000000     0xbf0e
 .debug_line    0x0000000000000000     0x1067 ./Core/ARGB.o
 .debug_line    0x0000000000001067      0xa85 ./Core/app_main.o
 .debug_line    0x0000000000001aec      0xa9a ./Core/Src/main.o
 .debug_line    0x0000000000002586      0x700 ./Core/Src/stm32f1xx_hal_msp.o
 .debug_line    0x0000000000002c86      0x760 ./Core/Src/stm32f1xx_it.o
 .debug_line    0x00000000000033e6      0x6d4 ./Core/Src/system_stm32f1xx.o
 .debug_line    0x0000000000003aba       0x86 ./Core/Startup/startup_stm32f103c8tx.o
 .debug_line    0x0000000000003b40      0x901 ./Drivers/STM32F1xx_HAL_Driver/Src/stm32f1xx_hal.o
 .debug_line    0x0000000000004441      0xae9 ./Drivers/STM32F1xx_HAL_Driver/Src/stm32f1xx_hal_cortex.o
 .debug_line    0x0000000000004f2a      0xd5a ./Drivers/STM32F1xx_HAL_Driver/Src/stm32f1xx_hal_dma.o
 .debug_line    0x0000000000005c84      0x99a ./Drivers/STM32F1xx_HAL_Driver/Src/stm32f1xx_hal_gpio.o
 .debug_line    0x000000000000661e      0xd0d ./Drivers/STM32F1xx_HAL_Driver/Src/stm32f1xx_hal_rcc.o
 .debug_line    0x000000000000732b     0x338c ./Drivers/STM32F1xx_HAL_Driver/Src/stm32f1xx_hal_tim.o
 .debug_line    0x000000000000a6b7     0x1857 ./Drivers/STM32F1xx_HAL_Driver/Src/stm32f1xx_hal_tim_ex.o

.debug_str      0x0000000000000000    0x88bd0
 .debug_str     0x0000000000000000    0x86370 ./Core/ARGB.o
                                      0x8679b (size before relaxing)
 .debug_str     0x0000000000086370       0xf7 ./Core/app_main.o
                                      0x85de9 (size before relaxing)
 .debug_str     0x0000000000086467      0x728 ./Core/Src/main.o
                                      0x864a8 (size before relaxing)
 .debug_str     0x0000000000086b8f       0xc0 ./Core/Src/stm32f1xx_hal_msp.o
                                      0x8218a (size before relaxing)
 .debug_str     0x0000000000086c4f      0x146 ./Core/Src/stm32f1xx_it.o
                                      0x81e19 (size before relaxing)
 .debug_str     0x0000000000086d95       0x7e ./Core/Src/system_stm32f1xx.o
                                      0x818c2 (size before relaxing)
 .debug_str     0x0000000000086e13       0x36 ./Core/Startup/startup_stm32f103c8tx.o
                                         0x59 (size before relaxing)
 .debug_str     0x0000000000086e49      0x384 ./Drivers/STM32F1xx_HAL_Driver/Src/stm32f1xx_hal.o
                                      0x81ff5 (size before relaxing)
 .debug_str     0x00000000000871cd      0x294 ./Drivers/STM32F1xx_HAL_Driver/Src/stm32f1xx_hal_cortex.o
                                      0x81f41 (size before relaxing)
 .debug_str     0x0000000000087461      0x1ec ./Drivers/STM32F1xx_HAL_Driver/Src/stm32f1xx_hal_dma.o
                                      0x81c6b (size before relaxing)
 .debug_str     0x000000000008764d      0x2a5 ./Drivers/STM32F1xx_HAL_Driver/Src/stm32f1xx_hal_gpio.o
                                      0x81c48 (size before relaxing)
 .debug_str     0x00000000000878f2      0x214 ./Drivers/STM32F1xx_HAL_Driver/Src/stm32f1xx_hal_rcc.o
                                      0x81cf1 (size before relaxing)
 .debug_str     0x0000000000087b06      0xce9 ./Drivers/STM32F1xx_HAL_Driver/Src/stm32f1xx_hal_tim.o
                                      0x82ce3 (size before relaxing)
 .debug_str     0x00000000000887ef      0x3e1 ./Drivers/STM32F1xx_HAL_Driver/Src/stm32f1xx_hal_tim_ex.o
                                      0x824ff (size before relaxing)

.comment        0x0000000000000000       0x50
 .comment       0x0000000000000000       0x50 ./Core/ARGB.o
                                         0x51 (size before relaxing)
 .comment       0x0000000000000050       0x51 ./Core/app_main.o
 .comment       0x0000000000000050       0x51 ./Core/Src/main.o
 .comment       0x0000000000000050       0x51 ./Core/Src/stm32f1xx_hal_msp.o
 .comment       0x0000000000000050       0x51 ./Core/Src/stm32f1xx_it.o
 .comment       0x0000000000000050       0x51 ./Core/Src/system_stm32f1xx.o
 .comment       0x0000000000000050       0x51 ./Drivers/STM32F1xx_HAL_Driver/Src/stm32f1xx_hal.o
 .comment       0x0000000000000050       0x51 ./Drivers/STM32F1xx_HAL_Driver/Src/stm32f1xx_hal_cortex.o
 .comment       0x0000000000000050       0x51 ./Drivers/STM32F1xx_HAL_Driver/Src/stm32f1xx_hal_dma.o
 .comment       0x0000000000000050       0x51 ./Drivers/STM32F1xx_HAL_Driver/Src/stm32f1xx_hal_gpio.o
 .comment       0x0000000000000050       0x51 ./Drivers/STM32F1xx_HAL_Driver/Src/stm32f1xx_hal_rcc.o
 .comment       0x0000000000000050       0x51 ./Drivers/STM32F1xx_HAL_Driver/Src/stm32f1xx_hal_tim.o
 .comment       0x0000000000000050       0x51 ./Drivers/STM32F1xx_HAL_Driver/Src/stm32f1xx_hal_tim_ex.o

.debug_frame    0x0000000000000000     0x2ca4
 .debug_frame   0x0000000000000000      0x244 ./Core/ARGB.o
 .debug_frame   0x0000000000000244      0x10c ./Core/app_main.o
 .debug_frame   0x0000000000000350       0xf8 ./Core/Src/main.o
 .debug_frame   0x0000000000000448       0xa4 ./Core/Src/stm32f1xx_hal_msp.o
 .debug_frame   0x00000000000004ec      0x158 ./Core/Src/stm32f1xx_it.o
 .debug_frame   0x0000000000000644       0x58 ./Core/Src/system_stm32f1xx.o
 .debug_frame   0x000000000000069c      0x334 ./Drivers/STM32F1xx_HAL_Driver/Src/stm32f1xx_hal.o
 .debug_frame   0x00000000000009d0      0x428 ./Drivers/STM32F1xx_HAL_Driver/Src/stm32f1xx_hal_cortex.o
 .debug_frame   0x0000000000000df8      0x208 ./Drivers/STM32F1xx_HAL_Driver/Src/stm32f1xx_hal_dma.o
 .debug_frame   0x0000000000001000      0x14c ./Drivers/STM32F1xx_HAL_Driver/Src/stm32f1xx_hal_gpio.o
 .debug_frame   0x000000000000114c      0x218 ./Drivers/STM32F1xx_HAL_Driver/Src/stm32f1xx_hal_rcc.o
 .debug_frame   0x0000000000001364     0x11bc ./Drivers/STM32F1xx_HAL_Driver/Src/stm32f1xx_hal_tim.o
 .debug_frame   0x0000000000002520      0x638 ./Drivers/STM32F1xx_HAL_Driver/Src/stm32f1xx_hal_tim_ex.o
 .debug_frame   0x0000000000002b58       0x2c c:/st/stm32cubeide_1.9.0/stm32cubeide/plugins/com.st.stm32cube.ide.mcu.externaltools.gnu-tools-for-stm32.10.3-2021.10.win32_1.0.0.202111181127/tools/bin/../lib/gcc/arm-none-eabi/10.3.1/../../../../arm-none-eabi/lib/thumb/v7-m/nofp\libc_nano.a(lib_a-init.o)
 .debug_frame   0x0000000000002b84       0x20 c:/st/stm32cubeide_1.9.0/stm32cubeide/plugins/com.st.stm32cube.ide.mcu.externaltools.gnu-tools-for-stm32.10.3-2021.10.win32_1.0.0.202111181127/tools/bin/../lib/gcc/arm-none-eabi/10.3.1/../../../../arm-none-eabi/lib/thumb/v7-m/nofp\libc_nano.a(lib_a-memset.o)
 .debug_frame   0x0000000000002ba4       0x30 c:/st/stm32cubeide_1.9.0/stm32cubeide/plugins/com.st.stm32cube.ide.mcu.externaltools.gnu-tools-for-stm32.10.3-2021.10.win32_1.0.0.202111181127/tools/bin/../lib/gcc/arm-none-eabi/10.3.1/thumb/v7-m/nofp\libgcc.a(_arm_muldf3.o)
 .debug_frame   0x0000000000002bd4       0xac c:/st/stm32cubeide_1.9.0/stm32cubeide/plugins/com.st.stm32cube.ide.mcu.externaltools.gnu-tools-for-stm32.10.3-2021.10.win32_1.0.0.202111181127/tools/bin/../lib/gcc/arm-none-eabi/10.3.1/thumb/v7-m/nofp\libgcc.a(_arm_addsubdf3.o)
 .debug_frame   0x0000000000002c80       0x24 c:/st/stm32cubeide_1.9.0/stm32cubeide/plugins/com.st.stm32cube.ide.mcu.externaltools.gnu-tools-for-stm32.10.3-2021.10.win32_1.0.0.202111181127/tools/bin/../lib/gcc/arm-none-eabi/10.3.1/thumb/v7-m/nofp\libgcc.a(_arm_fixunsdfsi.o)
