../Core/ARGB.c:132:6:ARGB_Init	16	static
../Core/ARGB.c:179:6:ARGB_Clear	8	static
../Core/ARGB.c:190:6:ARGB_SetBrightness	16	static
../Core/ARGB.c:201:6:ARGB_SetRGB	32	static
../Core/ARGB.c:245:6:ARGB_SetHSV	40	static
../Core/ARGB.c:256:6:ARGB_SetWhite	16	static
../Core/ARGB.c:270:6:ARGB_FillRGB	24	static
../Core/ARGB.c:281:6:ARGB_FillHSV	40	static
../Core/ARGB.c:291:6:ARGB_FillWhite	24	static
../Core/ARGB.c:301:12:ARGB_Ready	4	static
../Core/ARGB.c:310:12:ARGB_Show	24	static
../Core/ARGB.c:391:20:scale8	16	static
../Core/ARGB.c:404:13:HSV2RGB	48	static
../Core/ARGB.c:445:13:ARGB_TIM_DMADelayPulseCplt	24	static
../Core/ARGB.c:529:13:ARGB_TIM_DMADelayPulseHalfCplt	24	static
