../Core/ARGB.c:132:6:ARGB_Init	16	static
../Core/ARGB.c:179:6:ARGB_Clear	8	static
../Core/ARGB.c:190:6:ARGB_SetBrightness	16	static
../Core/ARGB.c:201:6:ARGB_SetRGB	32	static
../Core/ARGB.c:244:6:ARGB_SetHSV	40	static
../Core/ARGB.c:255:6:ARGB_SetWhite	16	static
../Core/ARGB.c:269:6:ARGB_FillRGB	24	static
../Core/ARGB.c:280:6:ARGB_FillHSV	40	static
../Core/ARGB.c:290:6:ARGB_FillWhite	24	static
../Core/ARGB.c:300:12:ARGB_Ready	4	static
../Core/ARGB.c:309:12:ARGB_Show	24	static
../Core/ARGB.c:390:20:scale8	16	static
../Core/ARGB.c:403:13:HSV2RGB	48	static
../Core/ARGB.c:444:13:ARGB_TIM_DMADelayPulseCplt	24	static
../Core/ARGB.c:528:13:ARGB_TIM_DMADelayPulseHalfCplt	24	static
